
**** Build of configuration Debug for project hello ****

make all 
Building file: ../src/helloworld.c
Invoking: PowerPC gcc compiler
powerpc-eabi-gcc -Wall -O0 -g3 -c -fmessage-length=0 -I../../hello_bsp/ppc440_0/include -mcpu=440 -MMD -MP -MF"src/helloworld.d" -MT"src/helloworld.d" -o"src/helloworld.o" "../src/helloworld.c"
Finished building: ../src/helloworld.c
' '
Building target: hello.elf
Invoking: PowerPC gcc linker
powerpc-eabi-gcc -Wl,-T -Wl,../src/lscript.ld -L../../hello_bsp/ppc440_0/lib -mcpu=440 -o"hello.elf"  ./src/helloworld.o ./src/platform.o   -Wl,--start-group,-lxil,-lgcc,-lc,--end-group
Finished building target: hello.elf
' '
Invoking: PowerPC Print Size
powerpc-eabi-size hello.elf  |tee "hello.elf.size"
   text	   data	    bss	    dec	    hex	filename
   3010	    312	     28	   3350	    d16	hello.elf
Finished building: hello.elf.size
' '
Invoking: Xilinx ELF Check
elfcheck hello.elf -hw ../../ReFrESH_Bubble1_to_Bubble4_hw_platform/system.xml -pe ppc440_0  |tee "hello.elf.elfcheck"
elfcheck
Xilinx EDK 14.4 Build EDK_P.49d
Copyright (c) 1995-2012 Xilinx, Inc.  All rights reserved.

Command Line: elfcheck -hw
../../ReFrESH_Bubble1_to_Bubble4_hw_platform/system.xml -pe ppc440_0 hello.elf 

ELF file	: hello.elf
elfcheck passed.
Finished building: hello.elf.elfcheck
' '
